---

## DS Team Real Relay Verification — 完成

### 执行摘要

对 PM Runtime Communication Substrate v0.1.1 执行了完整真实 relay 验证：

| 验证项 | 结果 |
|--------|------|
| 语法检查 (4 文件) | ✅ pass |
| 导入检查 | ✅ pass |
| relay init → run → summary → recover | ✅ 全序列 exit 0 |
| 心跳 (9 条, 4 状态) | ✅ pass |
| 流式日志 (stdout/stderr) | ✅ 含真实输出 |
| Hermes 兼容 (3 文件) | ✅ pass |
| Config 鲁棒性 (3 场景) | ✅ pass |
| Recovery 证据保全 | ✅ pass |
| 文件边界 | ✅ 未触碰禁止文件 |
| Registry events 完整性 | ✅ 6 事件覆盖全生命周期 |

### 最终判定

```yaml
acceptance_verdict: pass
implementation_readiness: usable
recommended_next_action: owner_acceptance
```

### 输出文件

- **验证报告**: `summary/ds_relay_verification.md`
- **回执 YAML**: `runtime/ds_relay_verification_receipt.yaml`

Substrate 已准备好进行 Owner Acceptance。DS Team 不 closeout，Owner-Control 为最终门禁。
