[watcher] monitoring tmux: adarian_review-v1_3_1-plan
[watcher] task_dir: /Users/gary/项目开发/AdarianMigration/adarian mvp/tasks/active/review-v1.3.1-plan
[15:21:44] ✅ approved: Do you want to proceed?
[15:21:46] ✅ approved: Do you want to proceed?
[15:21:52] ✅ approved: Do you want to proceed?
[15:24:10] ✅ approved: Do you want to proceed?
[15:24:11] ✅ approved: Do you want to proceed?
[15:24:13] ✅ approved: Do you want to proceed?
[15:24:46] ✅ approved: Do you want to proceed?
[15:25:01] ✅ approved: Do you want to proceed?
[15:25:08] ✅ approved: proceed?
[15:25:10] ✅ approved: proceed?
[15:25:25] ✅ approved: Do you want to proceed?
[15:25:26] ✅ approved: Do you want to proceed?
[15:25:29] ✅ approved: Do you want to proceed?
[15:25:41] ✅ approved: Do you want to proceed?
[15:25:45] ✅ approved: Do you want to proceed?
[15:25:46] ✅ approved: Do you want to proceed?
[15:25:58] ✅ approved: proceed?
[15:26:00] ✅ approved: Do you want to proceed?
[15:26:02] ✅ approved: Do you want to proceed?
[15:31:54] ✅ approved: Do you want to create
[15:32:56] ✅ approved: [Pasted text
[15:33:15] ✅ approved: Do you want to proceed?
[15:34:07] ✅ approved: Do you want to proceed?
[15:34:09] ✅ approved: Do you want to proceed?
[15:35:36] ✅ approved: [Pasted text
[15:35:42] ✅ approved: [Pasted text
[15:37:57] ⏹️ tmux session 'adarian_review-v1_3_1-plan' gone — exiting
