[watcher] monitoring tmux: adarian_v1_3_2-post-refactor-reality-review
[watcher] task_dir: /Users/gary/项目开发/AdarianMigration/adarian mvp/tasks/active/v1.3.2-post-refactor-reality-review
[02:01:03] ✅ approved: [Pasted text
[02:24:48] ✅ approved: Do you want to proceed?
[02:26:45] ✅ approved: Do you want to create
[02:27:39] ✅ approved: Do you want to create
[02:28:25] ✅ approved: Do you want to create
[02:29:08] ✅ approved: Do you want to create
[02:30:52] ✅ approved: Do you want to create
[02:31:02] ✅ approved: Do you want to proceed?
[02:35:42] ✅ approved: Do you want to proceed?
[02:36:12] ✅ approved: Do you want to proceed?
[02:36:36] ✅ approved: Do you want to proceed?
[02:37:15] ✅ approved: Do you want to proceed?
[02:37:43] ✅ approved: Do you want to proceed?
[02:38:11] ✅ approved: Do you want to proceed?
[02:38:40] ✅ approved: Do you want to proceed?
[02:39:10] ✅ approved: Do you want to proceed?
[02:41:10] ✅ approved: Do you want to create
[02:41:18] ✅ approved: Do you want to proceed?
[02:47:16] ✅ approved: Edit file
[02:47:24] ✅ approved: Do you want to proceed?
[02:48:45] ✅ approved: Do you want to proceed?
[02:50:19] ✅ approved: Do you want to create
[02:51:26] ✅ approved: Do you want to create
[02:51:34] ✅ approved: Do you want to proceed?
[02:53:58] ✅ approved: Edit file
[02:54:06] ✅ approved: Do you want to proceed?
[02:54:14] ✅ approved: Do you want to proceed?
[02:58:35] ✅ approved: Do you want to proceed?
[02:58:48] ✅ approved: Do you want to proceed?
[03:02:07] ✅ approved: Do you want to proceed?
[03:02:10] ✅ approved: Do you want to proceed?
[03:02:45] ✅ approved: Do you want to proceed?
[03:02:53] ✅ approved: Do you want to proceed?
[03:03:25] ✅ approved: Do you want to proceed?
[03:03:44] ✅ approved: Do you want to proceed?
[03:03:57] ✅ approved: Edit file
[03:04:07] ✅ approved: Do you want to proceed?
[03:04:20] ✅ approved: Do you want to proceed?
[03:04:44] ✅ approved: Do you want to proceed?
[03:05:19] ✅ approved: Do you want to proceed?
[03:05:42] ✅ approved: Edit file
[03:05:58] ✅ approved: Edit file
[03:06:08] ✅ approved: Do you want to proceed?
[03:08:47] ✅ approved: Edit file
[03:08:58] ✅ approved: Edit file
[03:09:16] ✅ approved: Edit file
[03:09:25] ✅ approved: Edit file
[03:10:29] ✅ approved: Do you want to proceed?
[03:11:42] ✅ approved: Edit file
[03:13:07] ✅ approved: Edit file
[03:13:18] ✅ approved: Do you want to proceed?
[03:24:07] ✅ approved: [Pasted text
[03:24:29] ✅ approved: Do you want to proceed?
[03:25:53] ✅ approved: Edit file
[03:26:03] ✅ approved: Do you want to proceed?
[03:27:12] ✅ approved: Edit file
[03:27:25] ✅ approved: Do you want to proceed?
[03:29:32] ✅ approved: Do you want to proceed?
[03:30:39] ✅ approved: Edit file
[03:30:52] ✅ approved: Do you want to proceed?
[03:35:44] ✅ approved: Do you want to proceed?
[03:36:11] ✅ approved: Edit file
[03:36:36] ✅ approved: Edit file
[03:36:55] ✅ approved: Do you want to proceed?
[03:37:15] ✅ approved: Do you want to proceed?
[03:37:59] ✅ approved: Edit file
[03:38:07] ✅ approved: Edit file
[03:38:14] ✅ approved: Edit file
[03:38:27] ✅ approved: Do you want to proceed?
[03:38:39] ✅ approved: Do you want to proceed?
[03:40:49] ✅ approved: Do you want to proceed?
[03:41:02] ✅ approved: Do you want to proceed?
[03:41:13] ✅ approved: Do you want to proceed?
[03:41:24] ✅ approved: Do you want to proceed?
[03:41:33] ✅ approved: Do you want to proceed?
[03:42:08] ✅ approved: Edit file
[03:42:23] ✅ approved: Edit file
[03:42:34] ✅ approved: Edit file
[03:43:01] ✅ approved: Do you want to proceed?
[03:43:17] ✅ approved: Edit file
[03:43:33] ✅ approved: Do you want to proceed?
[03:43:44] ✅ approved: Do you want to proceed?
[03:43:46] ✅ approved: Do you want to proceed?
[03:43:48] ✅ approved: Do you want to proceed?
[03:48:48] ✅ approved: Do you want to create
[03:48:58] ✅ approved: Do you want to proceed?
[03:53:38] ✅ approved: Do you want to overwrite
[03:53:50] ✅ approved: Do you want to proceed?
[15:44:34] ⏹️ tmux session 'adarian_v1_3_2-post-refactor-reality-review' gone — exiting
