[watcher] monitoring tmux: adarian_code-reality-review-v1_3_1
[watcher] task_dir: /Users/gary/项目开发/AdarianMigration/adarian mvp/tasks/active/code-reality-review-v1.3.1
[13:54:56] ✅ approved: [Pasted text
[13:55:04] ✅ approved: Do you want to proceed?
[13:55:06] ✅ approved: Do you want to proceed?
[13:55:07] ✅ approved: Do you want to proceed?
[13:55:09] ✅ approved: Do you want to proceed?
[13:55:28] ✅ approved: Do you want to proceed?
[13:55:30] ✅ approved: Do you want to proceed?
[13:55:31] ✅ approved: Do you want to proceed?
[13:55:38] ✅ approved: Do you want to proceed?
[13:55:40] ✅ approved: Do you want to proceed?
[13:56:23] ✅ approved: Do you want to proceed?
[13:56:25] ✅ approved: Do you want to proceed?
[13:56:26] ✅ approved: Do you want to proceed?
[13:56:28] ✅ approved: Do you want to proceed?
[13:56:29] ✅ approved: Do you want to proceed?
[13:56:37] ✅ approved: Do you want to proceed?
[13:56:39] ✅ approved: Do you want to proceed?
[13:56:40] ✅ approved: Do you want to proceed?
[13:58:33] ✅ approved: Do you want to proceed?
[13:58:35] ✅ approved: Do you want to proceed?
[13:58:37] ✅ approved: Do you want to proceed?
[13:58:38] ✅ approved: Do you want to proceed?
[13:58:57] ✅ approved: Do you want to proceed?
[14:03:42] ✅ approved: Do you want to proceed?
[14:08:39] ✅ approved: Do you want to proceed?
[14:09:53] ✅ approved: Do you want to proceed?
[14:09:57] ✅ approved: Do you want to proceed?
[14:10:01] ✅ approved: Do you want to proceed?
[14:10:07] ✅ approved: Do you want to proceed?
[14:10:09] ✅ approved: Do you want to proceed?
[14:10:23] ✅ approved: Do you want to proceed?
[14:14:22] ✅ approved: Do you want to proceed?
[14:15:33] ✅ approved: Do you want to proceed?
[14:15:35] ✅ approved: Do you want to proceed?
[14:15:36] ✅ approved: Do you want to proceed?
[14:15:44] ✅ approved: Do you want to proceed?
[14:15:45] ✅ approved: Do you want to proceed?
[14:15:47] ✅ approved: Do you want to proceed?
[14:16:13] ✅ approved: Do you want to proceed?
[14:16:14] ✅ approved: Do you want to proceed?
[14:16:16] ✅ approved: Do you want to proceed?
[14:16:20] ✅ approved: Do you want to proceed?
[14:16:21] ✅ approved: Do you want to proceed?
[14:16:23] ✅ approved: Do you want to proceed?
[14:16:29] ✅ approved: Do you want to proceed?
[14:16:31] ✅ approved: Do you want to proceed?
[14:16:33] ✅ approved: Do you want to proceed?
[14:16:43] ✅ approved: Do you want to proceed?
[14:16:44] ✅ approved: Do you want to proceed?
[14:16:46] ✅ approved: Do you want to proceed?
[14:16:51] ✅ approved: Do you want to proceed?
[14:17:02] ✅ approved: Do you want to proceed?
[14:17:04] ✅ approved: Do you want to proceed?
[14:17:05] ✅ approved: Do you want to proceed?
[14:17:10] ✅ approved: Do you want to proceed?
[14:17:11] ✅ approved: Do you want to proceed?
[14:21:00] ✅ approved: Do you want to proceed?
[14:24:38] ✅ approved: Do you want to create
[14:25:04] ✅ approved: Do you want to proceed?
[14:27:07] ✅ approved: Do you want to proceed?
[14:27:45] ✅ approved: Do you want to proceed?
[14:27:47] ✅ approved: Do you want to proceed?
[14:27:57] ✅ approved: Do you want to proceed?
[14:28:10] ✅ approved: Do you want to proceed?
[14:29:57] ✅ approved: Do you want to create
[14:30:06] ✅ approved: Do you want to proceed?
[14:30:42] ✅ approved: [Pasted text
[14:33:37] ✅ approved: Do you want to proceed?
[14:33:39] ✅ approved: Do you want to proceed?
[14:33:40] ✅ approved: Do you want to proceed?
[14:33:42] ✅ approved: Do you want to proceed?
[14:33:49] ✅ approved: Do you want to proceed?
[14:33:50] ✅ approved: Do you want to proceed?
[14:33:52] ✅ approved: Do you want to proceed?
[14:33:53] ✅ approved: Do you want to proceed?
[14:36:46] ✅ approved: Edit file
[14:36:53] ✅ approved: Do you want to proceed?
