[watcher] monitoring tmux: adarian_task-v1_3_1-phase4-streamlining
[watcher] task_dir: /Users/gary/项目开发/AdarianMigration/adarian mvp/tasks/active/task-v1.3.1-phase4-streamlining
[16:53:43] ✅ approved: [Pasted text
[17:05:43] ✅ approved: Do you want to create
[17:13:10] ⚠️ AUTO-MODE dialog — check Terminal window
[17:13:17] ⚠️ AUTO-MODE dialog — check Terminal window
[17:13:25] ⚠️ AUTO-MODE dialog — check Terminal window
[17:13:32] ⚠️ AUTO-MODE dialog — check Terminal window
[17:13:39] ⚠️ AUTO-MODE dialog — check Terminal window
[17:13:46] ⚠️ AUTO-MODE dialog — check Terminal window
[17:13:54] ⚠️ AUTO-MODE dialog — check Terminal window
[17:14:01] ⚠️ AUTO-MODE dialog — check Terminal window
[17:14:09] ⚠️ AUTO-MODE dialog — check Terminal window
[17:14:16] ⚠️ AUTO-MODE dialog — check Terminal window
[17:14:23] ⚠️ AUTO-MODE dialog — check Terminal window
[17:14:31] ⚠️ AUTO-MODE dialog — check Terminal window
[17:14:38] ⚠️ AUTO-MODE dialog — check Terminal window
[17:14:46] ⚠️ AUTO-MODE dialog — check Terminal window
[17:14:52] ⚠️ AUTO-MODE dialog — check Terminal window
[17:15:00] ⚠️ AUTO-MODE dialog — check Terminal window
[17:15:07] ⚠️ AUTO-MODE dialog — check Terminal window
[17:15:15] ⚠️ AUTO-MODE dialog — check Terminal window
[17:15:22] ⚠️ AUTO-MODE dialog — check Terminal window
[17:15:29] ⚠️ AUTO-MODE dialog — check Terminal window
[17:15:37] ⚠️ AUTO-MODE dialog — check Terminal window
[17:15:44] ⚠️ AUTO-MODE dialog — check Terminal window
[17:15:51] ⚠️ AUTO-MODE dialog — check Terminal window
[17:15:59] ⚠️ AUTO-MODE dialog — check Terminal window
[17:16:06] ⚠️ AUTO-MODE dialog — check Terminal window
[17:16:13] ⚠️ AUTO-MODE dialog — check Terminal window
[17:16:21] ⚠️ AUTO-MODE dialog — check Terminal window
[17:16:28] ⚠️ AUTO-MODE dialog — check Terminal window
[17:16:36] ⚠️ AUTO-MODE dialog — check Terminal window
[17:16:43] ⚠️ AUTO-MODE dialog — check Terminal window
[17:16:51] ⚠️ AUTO-MODE dialog — check Terminal window
[17:16:58] ⚠️ AUTO-MODE dialog — check Terminal window
[17:17:05] ⚠️ AUTO-MODE dialog — check Terminal window
[17:17:13] ⚠️ AUTO-MODE dialog — check Terminal window
[17:17:20] ⚠️ AUTO-MODE dialog — check Terminal window
[17:17:28] ⚠️ AUTO-MODE dialog — check Terminal window
[17:17:35] ⚠️ AUTO-MODE dialog — check Terminal window
[17:17:42] ⚠️ AUTO-MODE dialog — check Terminal window
[17:17:49] ⚠️ AUTO-MODE dialog — check Terminal window
[17:17:57] ⚠️ AUTO-MODE dialog — check Terminal window
[17:18:04] ⚠️ AUTO-MODE dialog — check Terminal window
[17:18:12] ⚠️ AUTO-MODE dialog — check Terminal window
[17:18:19] ⚠️ AUTO-MODE dialog — check Terminal window
[17:18:26] ⚠️ AUTO-MODE dialog — check Terminal window
[17:18:33] ⚠️ AUTO-MODE dialog — check Terminal window
[17:18:41] ⚠️ AUTO-MODE dialog — check Terminal window
[17:18:48] ⚠️ AUTO-MODE dialog — check Terminal window
[17:18:55] ⚠️ AUTO-MODE dialog — check Terminal window
[17:19:03] ⚠️ AUTO-MODE dialog — check Terminal window
[17:19:10] ⚠️ AUTO-MODE dialog — check Terminal window
[17:19:17] ⚠️ AUTO-MODE dialog — check Terminal window
[17:19:25] ⚠️ AUTO-MODE dialog — check Terminal window
[17:19:32] ⚠️ AUTO-MODE dialog — check Terminal window
[17:19:39] ⚠️ AUTO-MODE dialog — check Terminal window
[17:19:46] ⚠️ AUTO-MODE dialog — check Terminal window
[17:19:54] ⚠️ AUTO-MODE dialog — check Terminal window
[17:20:01] ⚠️ AUTO-MODE dialog — check Terminal window
[17:20:08] ⚠️ AUTO-MODE dialog — check Terminal window
[17:20:16] ⚠️ AUTO-MODE dialog — check Terminal window
[17:20:23] ⚠️ AUTO-MODE dialog — check Terminal window
[17:20:30] ⚠️ AUTO-MODE dialog — check Terminal window
[17:20:38] ⚠️ AUTO-MODE dialog — check Terminal window
[17:20:45] ⚠️ AUTO-MODE dialog — check Terminal window
[17:20:53] ⚠️ AUTO-MODE dialog — check Terminal window
[17:21:00] ⚠️ AUTO-MODE dialog — check Terminal window
[17:21:07] ⚠️ AUTO-MODE dialog — check Terminal window
[17:21:15] ⚠️ AUTO-MODE dialog — check Terminal window
[17:21:22] ⚠️ AUTO-MODE dialog — check Terminal window
[17:21:30] ⚠️ AUTO-MODE dialog — check Terminal window
[17:21:37] ⚠️ AUTO-MODE dialog — check Terminal window
[17:21:44] ⚠️ AUTO-MODE dialog — check Terminal window
[17:21:51] ⚠️ AUTO-MODE dialog — check Terminal window
[17:21:59] ⚠️ AUTO-MODE dialog — check Terminal window
[17:22:06] ⚠️ AUTO-MODE dialog — check Terminal window
[17:22:14] ⚠️ AUTO-MODE dialog — check Terminal window
[17:22:21] ⚠️ AUTO-MODE dialog — check Terminal window
[17:22:29] ⚠️ AUTO-MODE dialog — check Terminal window
[17:22:36] ⚠️ AUTO-MODE dialog — check Terminal window
[17:22:43] ⚠️ AUTO-MODE dialog — check Terminal window
[17:22:51] ⚠️ AUTO-MODE dialog — check Terminal window
[17:22:58] ⚠️ AUTO-MODE dialog — check Terminal window
[17:23:05] ⚠️ AUTO-MODE dialog — check Terminal window
[17:23:12] ⚠️ AUTO-MODE dialog — check Terminal window
[17:23:20] ⚠️ AUTO-MODE dialog — check Terminal window
[17:23:27] ⚠️ AUTO-MODE dialog — check Terminal window
[17:23:34] ⚠️ AUTO-MODE dialog — check Terminal window
[17:23:42] ⚠️ AUTO-MODE dialog — check Terminal window
[17:23:49] ⚠️ AUTO-MODE dialog — check Terminal window
[17:23:56] ⚠️ AUTO-MODE dialog — check Terminal window
[17:24:04] ⚠️ AUTO-MODE dialog — check Terminal window
[17:24:11] ⚠️ AUTO-MODE dialog — check Terminal window
[17:24:19] ⚠️ AUTO-MODE dialog — check Terminal window
[17:24:26] ⚠️ AUTO-MODE dialog — check Terminal window
[17:24:33] ⚠️ AUTO-MODE dialog — check Terminal window
[17:24:41] ⚠️ AUTO-MODE dialog — check Terminal window
[17:24:48] ⚠️ AUTO-MODE dialog — check Terminal window
[17:24:56] ⚠️ AUTO-MODE dialog — check Terminal window
[17:25:03] ⚠️ AUTO-MODE dialog — check Terminal window
[17:25:11] ⚠️ AUTO-MODE dialog — check Terminal window
[17:25:18] ⚠️ AUTO-MODE dialog — check Terminal window
[17:25:25] ⚠️ AUTO-MODE dialog — check Terminal window
[17:25:33] ⚠️ AUTO-MODE dialog — check Terminal window
[17:25:40] ⚠️ AUTO-MODE dialog — check Terminal window
[17:25:48] ⚠️ AUTO-MODE dialog — check Terminal window
[17:25:55] ⚠️ AUTO-MODE dialog — check Terminal window
[17:26:02] ⚠️ AUTO-MODE dialog — check Terminal window
[17:26:10] ⚠️ AUTO-MODE dialog — check Terminal window
[17:26:17] ⚠️ AUTO-MODE dialog — check Terminal window
[17:26:25] ⚠️ AUTO-MODE dialog — check Terminal window
[17:26:32] ⚠️ AUTO-MODE dialog — check Terminal window
[17:26:39] ⚠️ AUTO-MODE dialog — check Terminal window
[17:26:47] ⚠️ AUTO-MODE dialog — check Terminal window
[17:26:54] ⚠️ AUTO-MODE dialog — check Terminal window
[17:27:02] ⚠️ AUTO-MODE dialog — check Terminal window
[17:27:09] ⚠️ AUTO-MODE dialog — check Terminal window
[17:27:16] ⚠️ AUTO-MODE dialog — check Terminal window
[17:27:23] ⚠️ AUTO-MODE dialog — check Terminal window
[17:27:31] ⚠️ AUTO-MODE dialog — check Terminal window
[17:27:38] ⚠️ AUTO-MODE dialog — check Terminal window
[17:27:46] ⚠️ AUTO-MODE dialog — check Terminal window
[17:27:53] ⚠️ AUTO-MODE dialog — check Terminal window
[17:28:00] ⚠️ AUTO-MODE dialog — check Terminal window
[17:28:07] ⚠️ AUTO-MODE dialog — check Terminal window
[17:28:15] ⚠️ AUTO-MODE dialog — check Terminal window
[17:28:22] ⚠️ AUTO-MODE dialog — check Terminal window
[17:28:30] ⚠️ AUTO-MODE dialog — check Terminal window
[17:28:37] ⚠️ AUTO-MODE dialog — check Terminal window
[17:28:44] ⚠️ AUTO-MODE dialog — check Terminal window
[17:28:52] ⚠️ AUTO-MODE dialog — check Terminal window
[17:28:59] ⚠️ AUTO-MODE dialog — check Terminal window
[17:29:07] ⚠️ AUTO-MODE dialog — check Terminal window
[17:29:14] ⚠️ AUTO-MODE dialog — check Terminal window
[17:29:21] ⚠️ AUTO-MODE dialog — check Terminal window
[17:29:29] ⚠️ AUTO-MODE dialog — check Terminal window
[17:29:36] ⚠️ AUTO-MODE dialog — check Terminal window
[17:29:44] ⚠️ AUTO-MODE dialog — check Terminal window
[17:29:51] ⚠️ AUTO-MODE dialog — check Terminal window
[17:29:58] ⚠️ AUTO-MODE dialog — check Terminal window
[17:30:06] ⚠️ AUTO-MODE dialog — check Terminal window
[17:30:13] ⚠️ AUTO-MODE dialog — check Terminal window
[17:30:21] ⚠️ AUTO-MODE dialog — check Terminal window
[17:30:28] ⚠️ AUTO-MODE dialog — check Terminal window
[17:30:35] ⚠️ AUTO-MODE dialog — check Terminal window
[17:30:43] ⚠️ AUTO-MODE dialog — check Terminal window
[17:30:50] ⚠️ AUTO-MODE dialog — check Terminal window
[17:30:58] ⚠️ AUTO-MODE dialog — check Terminal window
[17:31:05] ⚠️ AUTO-MODE dialog — check Terminal window
[17:31:13] ⚠️ AUTO-MODE dialog — check Terminal window
[17:31:20] ⚠️ AUTO-MODE dialog — check Terminal window
[17:31:27] ⚠️ AUTO-MODE dialog — check Terminal window
[17:31:35] ⚠️ AUTO-MODE dialog — check Terminal window
[17:31:42] ⚠️ AUTO-MODE dialog — check Terminal window
[17:31:50] ⚠️ AUTO-MODE dialog — check Terminal window
[17:31:57] ⚠️ AUTO-MODE dialog — check Terminal window
[17:32:04] ⚠️ AUTO-MODE dialog — check Terminal window
[17:32:12] ⚠️ AUTO-MODE dialog — check Terminal window
[17:32:19] ⚠️ AUTO-MODE dialog — check Terminal window
[17:32:27] ⚠️ AUTO-MODE dialog — check Terminal window
[17:32:34] ⚠️ AUTO-MODE dialog — check Terminal window
[17:32:41] ⚠️ AUTO-MODE dialog — check Terminal window
[17:32:49] ⚠️ AUTO-MODE dialog — check Terminal window
[17:32:56] ⚠️ AUTO-MODE dialog — check Terminal window
[17:33:04] ⚠️ AUTO-MODE dialog — check Terminal window
[17:33:11] ⚠️ AUTO-MODE dialog — check Terminal window
[17:33:18] ⚠️ AUTO-MODE dialog — check Terminal window
[17:33:25] ⚠️ AUTO-MODE dialog — check Terminal window
[17:33:33] ⚠️ AUTO-MODE dialog — check Terminal window
[17:33:40] ⚠️ AUTO-MODE dialog — check Terminal window
[17:33:48] ⚠️ AUTO-MODE dialog — check Terminal window
[17:33:55] ⚠️ AUTO-MODE dialog — check Terminal window
[17:34:02] ⚠️ AUTO-MODE dialog — check Terminal window
[17:34:10] ⚠️ AUTO-MODE dialog — check Terminal window
[17:34:17] ⚠️ AUTO-MODE dialog — check Terminal window
[17:34:25] ⚠️ AUTO-MODE dialog — check Terminal window
[17:34:32] ⚠️ AUTO-MODE dialog — check Terminal window
[17:34:39] ⚠️ AUTO-MODE dialog — check Terminal window
[17:34:47] ⚠️ AUTO-MODE dialog — check Terminal window
[17:34:54] ⚠️ AUTO-MODE dialog — check Terminal window
[17:35:02] ⚠️ AUTO-MODE dialog — check Terminal window
[17:35:09] ⚠️ AUTO-MODE dialog — check Terminal window
[17:35:17] ⚠️ AUTO-MODE dialog — check Terminal window
[17:35:24] ⚠️ AUTO-MODE dialog — check Terminal window
[17:35:31] ⚠️ AUTO-MODE dialog — check Terminal window
[17:35:39] ⚠️ AUTO-MODE dialog — check Terminal window
[17:35:46] ⚠️ AUTO-MODE dialog — check Terminal window
[17:35:54] ⚠️ AUTO-MODE dialog — check Terminal window
[17:36:01] ⚠️ AUTO-MODE dialog — check Terminal window
[17:36:08] ⚠️ AUTO-MODE dialog — check Terminal window
[17:36:16] ⚠️ AUTO-MODE dialog — check Terminal window
[17:36:23] ⚠️ AUTO-MODE dialog — check Terminal window
[17:36:30] ⚠️ AUTO-MODE dialog — check Terminal window
[17:36:37] ⚠️ AUTO-MODE dialog — check Terminal window
[17:36:44] ⚠️ AUTO-MODE dialog — check Terminal window
[17:36:51] ⚠️ AUTO-MODE dialog — check Terminal window
[17:36:59] ⚠️ AUTO-MODE dialog — check Terminal window
[17:37:06] ⚠️ AUTO-MODE dialog — check Terminal window
[17:37:14] ⚠️ AUTO-MODE dialog — check Terminal window
[17:37:21] ⚠️ AUTO-MODE dialog — check Terminal window
[17:37:28] ⚠️ AUTO-MODE dialog — check Terminal window
[17:37:35] ⚠️ AUTO-MODE dialog — check Terminal window
[17:37:43] ⚠️ AUTO-MODE dialog — check Terminal window
[17:37:50] ⚠️ AUTO-MODE dialog — check Terminal window
[17:37:57] ⚠️ AUTO-MODE dialog — check Terminal window
[17:38:05] ⚠️ AUTO-MODE dialog — check Terminal window
[17:38:12] ⚠️ AUTO-MODE dialog — check Terminal window
[17:38:19] ⚠️ AUTO-MODE dialog — check Terminal window
[17:38:26] ⚠️ AUTO-MODE dialog — check Terminal window
[17:38:33] ⚠️ AUTO-MODE dialog — check Terminal window
[17:38:40] ⚠️ AUTO-MODE dialog — check Terminal window
[17:38:48] ⚠️ AUTO-MODE dialog — check Terminal window
[17:38:55] ⚠️ AUTO-MODE dialog — check Terminal window
[17:39:03] ⚠️ AUTO-MODE dialog — check Terminal window
[17:39:10] ⚠️ AUTO-MODE dialog — check Terminal window
[17:39:16] ⚠️ AUTO-MODE dialog — check Terminal window
[17:39:23] ⚠️ AUTO-MODE dialog — check Terminal window
[17:39:31] ⚠️ AUTO-MODE dialog — check Terminal window
[17:39:38] ⚠️ AUTO-MODE dialog — check Terminal window
[17:39:46] ⚠️ AUTO-MODE dialog — check Terminal window
[17:39:53] ⚠️ AUTO-MODE dialog — check Terminal window
[17:40:00] ⚠️ AUTO-MODE dialog — check Terminal window
[17:40:08] ⚠️ AUTO-MODE dialog — check Terminal window
[17:40:15] ⚠️ AUTO-MODE dialog — check Terminal window
[17:40:23] ⚠️ AUTO-MODE dialog — check Terminal window
[17:40:30] ⚠️ AUTO-MODE dialog — check Terminal window
[17:40:37] ⚠️ AUTO-MODE dialog — check Terminal window
[17:40:45] ⚠️ AUTO-MODE dialog — check Terminal window
[17:40:52] ⚠️ AUTO-MODE dialog — check Terminal window
[17:41:00] ⚠️ AUTO-MODE dialog — check Terminal window
[17:41:07] ⚠️ AUTO-MODE dialog — check Terminal window
[17:41:14] ⚠️ AUTO-MODE dialog — check Terminal window
[17:41:21] ⚠️ AUTO-MODE dialog — check Terminal window
[17:41:28] ⚠️ AUTO-MODE dialog — check Terminal window
[17:41:35] ⚠️ AUTO-MODE dialog — check Terminal window
[17:41:42] ⚠️ AUTO-MODE dialog — check Terminal window
[17:41:49] ⚠️ AUTO-MODE dialog — check Terminal window
[17:41:57] ⚠️ AUTO-MODE dialog — check Terminal window
[17:42:04] ⚠️ AUTO-MODE dialog — check Terminal window
[17:42:11] ⚠️ AUTO-MODE dialog — check Terminal window
[17:42:19] ⚠️ AUTO-MODE dialog — check Terminal window
[17:42:25] ⚠️ AUTO-MODE dialog — check Terminal window
[17:42:33] ⚠️ AUTO-MODE dialog — check Terminal window
[17:42:40] ⚠️ AUTO-MODE dialog — check Terminal window
[17:42:47] ⚠️ AUTO-MODE dialog — check Terminal window
[17:42:55] ⚠️ AUTO-MODE dialog — check Terminal window
[17:43:02] ⚠️ AUTO-MODE dialog — check Terminal window
[17:43:09] ⚠️ AUTO-MODE dialog — check Terminal window
[17:43:17] ⚠️ AUTO-MODE dialog — check Terminal window
[17:43:24] ⚠️ AUTO-MODE dialog — check Terminal window
[17:43:32] ⚠️ AUTO-MODE dialog — check Terminal window
[17:43:39] ⚠️ AUTO-MODE dialog — check Terminal window
[17:43:46] ⚠️ AUTO-MODE dialog — check Terminal window
[17:43:54] ⚠️ AUTO-MODE dialog — check Terminal window
[17:44:01] ⚠️ AUTO-MODE dialog — check Terminal window
[17:44:09] ⚠️ AUTO-MODE dialog — check Terminal window
[17:44:16] ⚠️ AUTO-MODE dialog — check Terminal window
[17:44:23] ⚠️ AUTO-MODE dialog — check Terminal window
[17:44:30] ⚠️ AUTO-MODE dialog — check Terminal window
[17:44:38] ⚠️ AUTO-MODE dialog — check Terminal window
[17:44:45] ⚠️ AUTO-MODE dialog — check Terminal window
[17:44:53] ⚠️ AUTO-MODE dialog — check Terminal window
[17:45:00] ⚠️ AUTO-MODE dialog — check Terminal window
[17:45:07] ⚠️ AUTO-MODE dialog — check Terminal window
[17:45:15] ⚠️ AUTO-MODE dialog — check Terminal window
[17:45:24] ⚠️ AUTO-MODE dialog — check Terminal window
[17:45:32] ⚠️ AUTO-MODE dialog — check Terminal window
[17:45:39] ⚠️ AUTO-MODE dialog — check Terminal window
[17:45:46] ⚠️ AUTO-MODE dialog — check Terminal window
[17:45:53] ⚠️ AUTO-MODE dialog — check Terminal window
[17:46:00] ⚠️ AUTO-MODE dialog — check Terminal window
[17:46:08] ⚠️ AUTO-MODE dialog — check Terminal window
[17:46:15] ⚠️ AUTO-MODE dialog — check Terminal window
[17:46:22] ⚠️ AUTO-MODE dialog — check Terminal window
[17:46:30] ⚠️ AUTO-MODE dialog — check Terminal window
[17:46:37] ⚠️ AUTO-MODE dialog — check Terminal window
[17:46:44] ⚠️ AUTO-MODE dialog — check Terminal window
[17:46:52] ⚠️ AUTO-MODE dialog — check Terminal window
[17:46:59] ⚠️ AUTO-MODE dialog — check Terminal window
[17:47:06] ⚠️ AUTO-MODE dialog — check Terminal window
[17:47:14] ⚠️ AUTO-MODE dialog — check Terminal window
[17:47:21] ⚠️ AUTO-MODE dialog — check Terminal window
[17:47:28] ⚠️ AUTO-MODE dialog — check Terminal window
[17:47:36] ⚠️ AUTO-MODE dialog — check Terminal window
[17:47:43] ⚠️ AUTO-MODE dialog — check Terminal window
[17:47:50] ⚠️ AUTO-MODE dialog — check Terminal window
[17:47:58] ⚠️ AUTO-MODE dialog — check Terminal window
[17:48:05] ⚠️ AUTO-MODE dialog — check Terminal window
[17:48:13] ⚠️ AUTO-MODE dialog — check Terminal window
[17:48:19] ⚠️ AUTO-MODE dialog — check Terminal window
[17:48:27] ⚠️ AUTO-MODE dialog — check Terminal window
[17:48:34] ⚠️ AUTO-MODE dialog — check Terminal window
[17:48:42] ⚠️ AUTO-MODE dialog — check Terminal window
[17:48:49] ⚠️ AUTO-MODE dialog — check Terminal window
[17:48:57] ⚠️ AUTO-MODE dialog — check Terminal window
[17:49:04] ⚠️ AUTO-MODE dialog — check Terminal window
[17:49:11] ⚠️ AUTO-MODE dialog — check Terminal window
[17:49:19] ⚠️ AUTO-MODE dialog — check Terminal window
[17:49:26] ⚠️ AUTO-MODE dialog — check Terminal window
[17:49:34] ⚠️ AUTO-MODE dialog — check Terminal window
[17:49:41] ⚠️ AUTO-MODE dialog — check Terminal window
[17:49:48] ⚠️ AUTO-MODE dialog — check Terminal window
[17:49:55] ⚠️ AUTO-MODE dialog — check Terminal window
[17:50:03] ⚠️ AUTO-MODE dialog — check Terminal window
[17:50:10] ⚠️ AUTO-MODE dialog — check Terminal window
[17:50:18] ⚠️ AUTO-MODE dialog — check Terminal window
[17:50:24] ⚠️ AUTO-MODE dialog — check Terminal window
[17:50:32] ⚠️ AUTO-MODE dialog — check Terminal window
[17:50:39] ⚠️ AUTO-MODE dialog — check Terminal window
[17:50:47] ⚠️ AUTO-MODE dialog — check Terminal window
[17:50:54] ⚠️ AUTO-MODE dialog — check Terminal window
[17:51:02] ⚠️ AUTO-MODE dialog — check Terminal window
[17:51:09] ⚠️ AUTO-MODE dialog — check Terminal window
[17:51:16] ⚠️ AUTO-MODE dialog — check Terminal window
[17:51:24] ⚠️ AUTO-MODE dialog — check Terminal window
[17:51:31] ⚠️ AUTO-MODE dialog — check Terminal window
[17:51:38] ⚠️ AUTO-MODE dialog — check Terminal window
[17:51:46] ⚠️ AUTO-MODE dialog — check Terminal window
[17:51:52] ⚠️ AUTO-MODE dialog — check Terminal window
[17:52:00] ⚠️ AUTO-MODE dialog — check Terminal window
[17:52:07] ⚠️ AUTO-MODE dialog — check Terminal window
[17:52:15] ⚠️ AUTO-MODE dialog — check Terminal window
[17:52:22] ⚠️ AUTO-MODE dialog — check Terminal window
[17:52:29] ⚠️ AUTO-MODE dialog — check Terminal window
[17:52:36] ⚠️ AUTO-MODE dialog — check Terminal window
[17:52:43] ⚠️ AUTO-MODE dialog — check Terminal window
[17:52:50] ⚠️ AUTO-MODE dialog — check Terminal window
[17:52:57] ⚠️ AUTO-MODE dialog — check Terminal window
[17:53:04] ⚠️ AUTO-MODE dialog — check Terminal window
[17:53:12] ⚠️ AUTO-MODE dialog — check Terminal window
[17:53:19] ⚠️ AUTO-MODE dialog — check Terminal window
[17:53:26] ⚠️ AUTO-MODE dialog — check Terminal window
[17:53:34] ⚠️ AUTO-MODE dialog — check Terminal window
[17:53:41] ⚠️ AUTO-MODE dialog — check Terminal window
[17:53:49] ⚠️ AUTO-MODE dialog — check Terminal window
[17:53:56] ⚠️ AUTO-MODE dialog — check Terminal window
[17:54:03] ⚠️ AUTO-MODE dialog — check Terminal window
[17:54:11] ⚠️ AUTO-MODE dialog — check Terminal window
[17:54:18] ⚠️ AUTO-MODE dialog — check Terminal window
[17:54:25] ⚠️ AUTO-MODE dialog — check Terminal window
[17:54:33] ⚠️ AUTO-MODE dialog — check Terminal window
[17:54:39] ⚠️ AUTO-MODE dialog — check Terminal window
[17:54:47] ⚠️ AUTO-MODE dialog — check Terminal window
[17:54:54] ⚠️ AUTO-MODE dialog — check Terminal window
[17:55:01] ⚠️ AUTO-MODE dialog — check Terminal window
[17:55:09] ⚠️ AUTO-MODE dialog — check Terminal window
[17:55:16] ⚠️ AUTO-MODE dialog — check Terminal window
[17:55:22] ⚠️ AUTO-MODE dialog — check Terminal window
[17:55:30] ⚠️ AUTO-MODE dialog — check Terminal window
[17:55:37] ⚠️ AUTO-MODE dialog — check Terminal window
[17:55:45] ⚠️ AUTO-MODE dialog — check Terminal window
[17:55:52] ⚠️ AUTO-MODE dialog — check Terminal window
[17:56:00] ⚠️ AUTO-MODE dialog — check Terminal window
[17:56:07] ⚠️ AUTO-MODE dialog — check Terminal window
[17:56:14] ⚠️ AUTO-MODE dialog — check Terminal window
[17:56:22] ⚠️ AUTO-MODE dialog — check Terminal window
[17:56:29] ⚠️ AUTO-MODE dialog — check Terminal window
[17:56:36] ⚠️ AUTO-MODE dialog — check Terminal window
[17:56:44] ⚠️ AUTO-MODE dialog — check Terminal window
[17:56:51] ⚠️ AUTO-MODE dialog — check Terminal window
[17:56:58] ⚠️ AUTO-MODE dialog — check Terminal window
[17:57:05] ⚠️ AUTO-MODE dialog — check Terminal window
[17:57:13] ⚠️ AUTO-MODE dialog — check Terminal window
[17:57:20] ⚠️ AUTO-MODE dialog — check Terminal window
[17:57:28] ⚠️ AUTO-MODE dialog — check Terminal window
[17:57:35] ⚠️ AUTO-MODE dialog — check Terminal window
[17:57:42] ⚠️ AUTO-MODE dialog — check Terminal window
[17:57:49] ⚠️ AUTO-MODE dialog — check Terminal window
[17:57:57] ⚠️ AUTO-MODE dialog — check Terminal window
[17:58:04] ⚠️ AUTO-MODE dialog — check Terminal window
[17:58:11] ⚠️ AUTO-MODE dialog — check Terminal window
[17:58:19] ⚠️ AUTO-MODE dialog — check Terminal window
[17:58:26] ⚠️ AUTO-MODE dialog — check Terminal window
[17:58:34] ⚠️ AUTO-MODE dialog — check Terminal window
[17:58:41] ⚠️ AUTO-MODE dialog — check Terminal window
[17:58:49] ⚠️ AUTO-MODE dialog — check Terminal window
[17:58:55] ⚠️ AUTO-MODE dialog — check Terminal window
[17:59:03] ⚠️ AUTO-MODE dialog — check Terminal window
[17:59:10] ⚠️ AUTO-MODE dialog — check Terminal window
[17:59:18] ⚠️ AUTO-MODE dialog — check Terminal window
[17:59:25] ⚠️ AUTO-MODE dialog — check Terminal window
[17:59:32] ⚠️ AUTO-MODE dialog — check Terminal window
[17:59:39] ⚠️ AUTO-MODE dialog — check Terminal window
[17:59:46] ⚠️ AUTO-MODE dialog — check Terminal window
[17:59:54] ⚠️ AUTO-MODE dialog — check Terminal window
[18:00:01] ⚠️ AUTO-MODE dialog — check Terminal window
[18:00:08] ⚠️ AUTO-MODE dialog — check Terminal window
[18:00:15] ⚠️ AUTO-MODE dialog — check Terminal window
[18:00:22] ⚠️ AUTO-MODE dialog — check Terminal window
[18:00:30] ⚠️ AUTO-MODE dialog — check Terminal window
[18:00:37] ⚠️ AUTO-MODE dialog — check Terminal window
[18:00:45] ⚠️ AUTO-MODE dialog — check Terminal window
[18:00:52] ⚠️ AUTO-MODE dialog — check Terminal window
[18:00:59] ⚠️ AUTO-MODE dialog — check Terminal window
[18:01:07] ⚠️ AUTO-MODE dialog — check Terminal window
[18:01:14] ⚠️ AUTO-MODE dialog — check Terminal window
[18:01:22] ⚠️ AUTO-MODE dialog — check Terminal window
[18:01:29] ⚠️ AUTO-MODE dialog — check Terminal window
[18:01:36] ⚠️ AUTO-MODE dialog — check Terminal window
[18:01:43] ⚠️ AUTO-MODE dialog — check Terminal window
[18:01:51] ⚠️ AUTO-MODE dialog — check Terminal window
[18:01:58] ⚠️ AUTO-MODE dialog — check Terminal window
[18:02:05] ⚠️ AUTO-MODE dialog — check Terminal window
[18:02:12] ⚠️ AUTO-MODE dialog — check Terminal window
[18:02:20] ⚠️ AUTO-MODE dialog — check Terminal window
[18:02:27] ⚠️ AUTO-MODE dialog — check Terminal window
[18:02:35] ⚠️ AUTO-MODE dialog — check Terminal window
[18:02:42] ⚠️ AUTO-MODE dialog — check Terminal window
[18:02:49] ⚠️ AUTO-MODE dialog — check Terminal window
[18:02:57] ⚠️ AUTO-MODE dialog — check Terminal window
[18:03:04] ⚠️ AUTO-MODE dialog — check Terminal window
[18:03:11] ⚠️ AUTO-MODE dialog — check Terminal window
[18:03:19] ⚠️ AUTO-MODE dialog — check Terminal window
[18:03:26] ⚠️ AUTO-MODE dialog — check Terminal window
[18:03:33] ⚠️ AUTO-MODE dialog — check Terminal window
[18:03:40] ⚠️ AUTO-MODE dialog — check Terminal window
[18:03:47] ⚠️ AUTO-MODE dialog — check Terminal window
[18:03:55] ⚠️ AUTO-MODE dialog — check Terminal window
[18:04:02] ⚠️ AUTO-MODE dialog — check Terminal window
[18:04:09] ⚠️ AUTO-MODE dialog — check Terminal window
[18:04:17] ⚠️ AUTO-MODE dialog — check Terminal window
[18:04:24] ⚠️ AUTO-MODE dialog — check Terminal window
[18:04:32] ⚠️ AUTO-MODE dialog — check Terminal window
[18:04:39] ⚠️ AUTO-MODE dialog — check Terminal window
[18:04:46] ⚠️ AUTO-MODE dialog — check Terminal window
[18:04:53] ⚠️ AUTO-MODE dialog — check Terminal window
[18:05:01] ⚠️ AUTO-MODE dialog — check Terminal window
[18:05:08] ⚠️ AUTO-MODE dialog — check Terminal window
[18:05:15] ⚠️ AUTO-MODE dialog — check Terminal window
[18:05:22] ⚠️ AUTO-MODE dialog — check Terminal window
[18:05:29] ⚠️ AUTO-MODE dialog — check Terminal window
[18:05:37] ⚠️ AUTO-MODE dialog — check Terminal window
[18:05:44] ⚠️ AUTO-MODE dialog — check Terminal window
[18:05:52] ⚠️ AUTO-MODE dialog — check Terminal window
[18:05:59] ⚠️ AUTO-MODE dialog — check Terminal window
[18:06:07] ⚠️ AUTO-MODE dialog — check Terminal window
[18:06:14] ⚠️ AUTO-MODE dialog — check Terminal window
[18:06:21] ⚠️ AUTO-MODE dialog — check Terminal window
[18:06:28] ⚠️ AUTO-MODE dialog — check Terminal window
[18:06:35] ⚠️ AUTO-MODE dialog — check Terminal window
[18:06:43] ⚠️ AUTO-MODE dialog — check Terminal window
[18:06:49] ⚠️ AUTO-MODE dialog — check Terminal window
[18:06:57] ⚠️ AUTO-MODE dialog — check Terminal window
[18:07:04] ⚠️ AUTO-MODE dialog — check Terminal window
[18:07:12] ⚠️ AUTO-MODE dialog — check Terminal window
[18:07:19] ⚠️ AUTO-MODE dialog — check Terminal window
[18:07:27] ⚠️ AUTO-MODE dialog — check Terminal window
[18:07:34] ⚠️ AUTO-MODE dialog — check Terminal window
[18:07:41] ⚠️ AUTO-MODE dialog — check Terminal window
[18:07:49] ⚠️ AUTO-MODE dialog — check Terminal window
[18:07:56] ⚠️ AUTO-MODE dialog — check Terminal window
[18:08:04] ⚠️ AUTO-MODE dialog — check Terminal window
[18:08:11] ⚠️ AUTO-MODE dialog — check Terminal window
[18:08:18] ⚠️ AUTO-MODE dialog — check Terminal window
[18:08:26] ⚠️ AUTO-MODE dialog — check Terminal window
[18:08:33] ⚠️ AUTO-MODE dialog — check Terminal window
[18:08:41] ⚠️ AUTO-MODE dialog — check Terminal window
[18:08:48] ⚠️ AUTO-MODE dialog — check Terminal window
[18:08:55] ⚠️ AUTO-MODE dialog — check Terminal window
[18:09:03] ⚠️ AUTO-MODE dialog — check Terminal window
[18:09:10] ⚠️ AUTO-MODE dialog — check Terminal window
[18:09:18] ⚠️ AUTO-MODE dialog — check Terminal window
[18:09:25] ⚠️ AUTO-MODE dialog — check Terminal window
[18:09:32] ⚠️ AUTO-MODE dialog — check Terminal window
[18:09:40] ⚠️ AUTO-MODE dialog — check Terminal window
[18:09:47] ⚠️ AUTO-MODE dialog — check Terminal window
[18:09:55] ⚠️ AUTO-MODE dialog — check Terminal window
[18:10:02] ⚠️ AUTO-MODE dialog — check Terminal window
[18:10:09] ⚠️ AUTO-MODE dialog — check Terminal window
[18:10:17] ⚠️ AUTO-MODE dialog — check Terminal window
[18:10:24] ⚠️ AUTO-MODE dialog — check Terminal window
[18:10:31] ⚠️ AUTO-MODE dialog — check Terminal window
[18:10:39] ⚠️ AUTO-MODE dialog — check Terminal window
[18:10:46] ⚠️ AUTO-MODE dialog — check Terminal window
[18:10:53] ⚠️ AUTO-MODE dialog — check Terminal window
[18:11:01] ⚠️ AUTO-MODE dialog — check Terminal window
[18:11:08] ⚠️ AUTO-MODE dialog — check Terminal window
[18:11:15] ⚠️ AUTO-MODE dialog — check Terminal window
[18:11:23] ⚠️ AUTO-MODE dialog — check Terminal window
[18:11:30] ⚠️ AUTO-MODE dialog — check Terminal window
[18:11:37] ⚠️ AUTO-MODE dialog — check Terminal window
[18:11:44] ⚠️ AUTO-MODE dialog — check Terminal window
[18:11:51] ⚠️ AUTO-MODE dialog — check Terminal window
[18:11:59] ⚠️ AUTO-MODE dialog — check Terminal window
[18:12:06] ⚠️ AUTO-MODE dialog — check Terminal window
[18:12:13] ⚠️ AUTO-MODE dialog — check Terminal window
[18:12:20] ⚠️ AUTO-MODE dialog — check Terminal window
[18:12:28] ⚠️ AUTO-MODE dialog — check Terminal window
[18:12:35] ⚠️ AUTO-MODE dialog — check Terminal window
[18:12:43] ⚠️ AUTO-MODE dialog — check Terminal window
[18:12:50] ⚠️ AUTO-MODE dialog — check Terminal window
[18:12:57] ⚠️ AUTO-MODE dialog — check Terminal window
[18:13:05] ⚠️ AUTO-MODE dialog — check Terminal window
[18:13:12] ⚠️ AUTO-MODE dialog — check Terminal window
[18:13:20] ⚠️ AUTO-MODE dialog — check Terminal window
[18:13:27] ⚠️ AUTO-MODE dialog — check Terminal window
[18:13:34] ⚠️ AUTO-MODE dialog — check Terminal window
[18:13:41] ⚠️ AUTO-MODE dialog — check Terminal window
[18:13:49] ⚠️ AUTO-MODE dialog — check Terminal window
[18:13:56] ⚠️ AUTO-MODE dialog — check Terminal window
[18:14:04] ⚠️ AUTO-MODE dialog — check Terminal window
[18:14:11] ⚠️ AUTO-MODE dialog — check Terminal window
[18:14:18] ⚠️ AUTO-MODE dialog — check Terminal window
[18:14:26] ⚠️ AUTO-MODE dialog — check Terminal window
[18:14:33] ⚠️ AUTO-MODE dialog — check Terminal window
[18:14:40] ⚠️ AUTO-MODE dialog — check Terminal window
[18:14:47] ⚠️ AUTO-MODE dialog — check Terminal window
[18:14:54] ⚠️ AUTO-MODE dialog — check Terminal window
[18:15:02] ⚠️ AUTO-MODE dialog — check Terminal window
[18:15:09] ⚠️ AUTO-MODE dialog — check Terminal window
[18:15:16] ⚠️ AUTO-MODE dialog — check Terminal window
[18:15:24] ⚠️ AUTO-MODE dialog — check Terminal window
[18:15:31] ⚠️ AUTO-MODE dialog — check Terminal window
[18:15:38] ⚠️ AUTO-MODE dialog — check Terminal window
[18:15:45] ⚠️ AUTO-MODE dialog — check Terminal window
[18:15:53] ⚠️ AUTO-MODE dialog — check Terminal window
[18:16:00] ⚠️ AUTO-MODE dialog — check Terminal window
[18:16:08] ⚠️ AUTO-MODE dialog — check Terminal window
[18:16:15] ⚠️ AUTO-MODE dialog — check Terminal window
[18:16:22] ⚠️ AUTO-MODE dialog — check Terminal window
[18:16:30] ⚠️ AUTO-MODE dialog — check Terminal window
[18:16:37] ⚠️ AUTO-MODE dialog — check Terminal window
[18:16:44] ⚠️ AUTO-MODE dialog — check Terminal window
[18:16:52] ⚠️ AUTO-MODE dialog — check Terminal window
[18:16:59] ⚠️ AUTO-MODE dialog — check Terminal window
[18:17:07] ⚠️ AUTO-MODE dialog — check Terminal window
[18:17:14] ⚠️ AUTO-MODE dialog — check Terminal window
[18:17:22] ⚠️ AUTO-MODE dialog — check Terminal window
[18:17:29] ⚠️ AUTO-MODE dialog — check Terminal window
[18:17:36] ⚠️ AUTO-MODE dialog — check Terminal window
[18:17:44] ⚠️ AUTO-MODE dialog — check Terminal window
[18:17:51] ⚠️ AUTO-MODE dialog — check Terminal window
[18:17:59] ⚠️ AUTO-MODE dialog — check Terminal window
[18:18:06] ⚠️ AUTO-MODE dialog — check Terminal window
[18:18:13] ⚠️ AUTO-MODE dialog — check Terminal window
[18:18:20] ⚠️ AUTO-MODE dialog — check Terminal window
[18:18:28] ⚠️ AUTO-MODE dialog — check Terminal window
[18:18:35] ⚠️ AUTO-MODE dialog — check Terminal window
[18:18:43] ⚠️ AUTO-MODE dialog — check Terminal window
[18:18:50] ⚠️ AUTO-MODE dialog — check Terminal window
[18:18:57] ⚠️ AUTO-MODE dialog — check Terminal window
[18:19:05] ⚠️ AUTO-MODE dialog — check Terminal window
[18:19:12] ⚠️ AUTO-MODE dialog — check Terminal window
[18:19:20] ⚠️ AUTO-MODE dialog — check Terminal window
[18:19:27] ⚠️ AUTO-MODE dialog — check Terminal window
[18:19:34] ⚠️ AUTO-MODE dialog — check Terminal window
[18:19:41] ⚠️ AUTO-MODE dialog — check Terminal window
[18:19:48] ⚠️ AUTO-MODE dialog — check Terminal window
[18:19:56] ⚠️ AUTO-MODE dialog — check Terminal window
[18:20:03] ⚠️ AUTO-MODE dialog — check Terminal window
[18:20:10] ⚠️ AUTO-MODE dialog — check Terminal window
[18:20:17] ⚠️ AUTO-MODE dialog — check Terminal window
[18:20:24] ⚠️ AUTO-MODE dialog — check Terminal window
[18:20:31] ⚠️ AUTO-MODE dialog — check Terminal window
[18:20:38] ⚠️ AUTO-MODE dialog — check Terminal window
[18:20:46] ⚠️ AUTO-MODE dialog — check Terminal window
[18:20:53] ⚠️ AUTO-MODE dialog — check Terminal window
[18:21:00] ⚠️ AUTO-MODE dialog — check Terminal window
[18:21:08] ⚠️ AUTO-MODE dialog — check Terminal window
[18:21:15] ⚠️ AUTO-MODE dialog — check Terminal window
[18:21:22] ⚠️ AUTO-MODE dialog — check Terminal window
[18:21:29] ⚠️ AUTO-MODE dialog — check Terminal window
[18:21:37] ⚠️ AUTO-MODE dialog — check Terminal window
[18:21:44] ⚠️ AUTO-MODE dialog — check Terminal window
[18:21:51] ⚠️ AUTO-MODE dialog — check Terminal window
[18:21:59] ⚠️ AUTO-MODE dialog — check Terminal window
[18:22:06] ⚠️ AUTO-MODE dialog — check Terminal window
[18:22:13] ⚠️ AUTO-MODE dialog — check Terminal window
[18:22:20] ⚠️ AUTO-MODE dialog — check Terminal window
[18:22:28] ⚠️ AUTO-MODE dialog — check Terminal window
[18:22:35] ⚠️ AUTO-MODE dialog — check Terminal window
[18:22:43] ⚠️ AUTO-MODE dialog — check Terminal window
[18:22:50] ⚠️ AUTO-MODE dialog — check Terminal window
[18:22:58] ⚠️ AUTO-MODE dialog — check Terminal window
[18:23:04] ⚠️ AUTO-MODE dialog — check Terminal window
[18:23:12] ⚠️ AUTO-MODE dialog — check Terminal window
[18:23:19] ⚠️ AUTO-MODE dialog — check Terminal window
[18:23:27] ⚠️ AUTO-MODE dialog — check Terminal window
[18:23:34] ⚠️ AUTO-MODE dialog — check Terminal window
[18:23:42] ⚠️ AUTO-MODE dialog — check Terminal window
[18:23:49] ⚠️ AUTO-MODE dialog — check Terminal window
[18:23:56] ⚠️ AUTO-MODE dialog — check Terminal window
[18:24:04] ⚠️ AUTO-MODE dialog — check Terminal window
[18:24:11] ⚠️ AUTO-MODE dialog — check Terminal window
[18:24:19] ⚠️ AUTO-MODE dialog — check Terminal window
[18:24:26] ⚠️ AUTO-MODE dialog — check Terminal window
[18:24:33] ⚠️ AUTO-MODE dialog — check Terminal window
[18:24:41] ⚠️ AUTO-MODE dialog — check Terminal window
[18:24:48] ⚠️ AUTO-MODE dialog — check Terminal window
[18:24:56] ⚠️ AUTO-MODE dialog — check Terminal window
[18:25:03] ⚠️ AUTO-MODE dialog — check Terminal window
[18:25:13] ⚠️ AUTO-MODE dialog — check Terminal window
[18:25:20] ⚠️ AUTO-MODE dialog — check Terminal window
[18:25:27] ⚠️ AUTO-MODE dialog — check Terminal window
[18:25:34] ⚠️ AUTO-MODE dialog — check Terminal window
[18:25:42] ⚠️ AUTO-MODE dialog — check Terminal window
[18:25:49] ⚠️ AUTO-MODE dialog — check Terminal window
[18:25:56] ⚠️ AUTO-MODE dialog — check Terminal window
[18:26:04] ⚠️ AUTO-MODE dialog — check Terminal window
[18:26:11] ⚠️ AUTO-MODE dialog — check Terminal window
[18:26:19] ⚠️ AUTO-MODE dialog — check Terminal window
[18:26:26] ⚠️ AUTO-MODE dialog — check Terminal window
[18:26:33] ⚠️ AUTO-MODE dialog — check Terminal window
[18:26:41] ⚠️ AUTO-MODE dialog — check Terminal window
[18:26:48] ⚠️ AUTO-MODE dialog — check Terminal window
[18:26:56] ⚠️ AUTO-MODE dialog — check Terminal window
[18:27:03] ⚠️ AUTO-MODE dialog — check Terminal window
[18:27:10] ⚠️ AUTO-MODE dialog — check Terminal window
[18:27:17] ⚠️ AUTO-MODE dialog — check Terminal window
[18:27:24] ⚠️ AUTO-MODE dialog — check Terminal window
[18:27:32] ⚠️ AUTO-MODE dialog — check Terminal window
[18:27:39] ⚠️ AUTO-MODE dialog — check Terminal window
[18:27:46] ⚠️ AUTO-MODE dialog — check Terminal window
[18:27:54] ⚠️ AUTO-MODE dialog — check Terminal window
[18:28:01] ⚠️ AUTO-MODE dialog — check Terminal window
[18:28:08] ⚠️ AUTO-MODE dialog — check Terminal window
[18:28:16] ⚠️ AUTO-MODE dialog — check Terminal window
[18:28:21] ⏹️ tmux session 'adarian_task-v1_3_1-phase4-streamlining' gone — exiting
